<?xml version="1.0"?>
<sector defaultGroup="(level_1)" defaultObjectName="peg" defaultId="-2">

    <node>
        <sprite>
            <position x="-800" y="-320"/>
            <scriptLst>
                <!-- Will use the default group but you can also specify the group for the script -->
                <script peg_off="Level1_PegOff" group="(level_1)"/>
            </scriptLst>
        </sprite>
    </node>

    <node>
        <sprite>
            <position x="-640" y="-320"/>
            <scriptLst>
                <script peg_off="Level1_PegOff"/>
            </scriptLst>
        </sprite>
    </node>

    <node>
        <sprite>
            <position x="-480" y="-320"/>
            <scriptLst>
                <script peg_off="Level1_PegOff"/>
            </scriptLst>
        </sprite>
    </node>

    <node>
        <sprite>
            <position x="-320" y="-320"/>
            <scriptLst>
                <script peg_off="Level1_PegOff"/>
            </scriptLst>
        </sprite>
    </node>

    <node>
        <sprite>
            <position x="-160" y="-320"/>
            <scriptLst>
                <script peg_off="Level1_PegOff"/>
            </scriptLst>
        </sprite>
    </node>

    <node>
        <sprite>
            <position x="0" y="-320"/>
            <scriptLst>
                <script peg_off="Level1_PegOff"/>
            </scriptLst>
        </sprite>
    </node>

    <node>
        <sprite>
            <position x="160" y="-320"/>
            <scriptLst>
                <script peg_off="Level1_PegOff"/>
            </scriptLst>
        </sprite>
    </node>

    <node>
        <sprite>
            <position x="320" y="-320"/>
            <scriptLst>
                <script peg_off="Level1_PegOff"/>
            </scriptLst>
        </sprite>
    </node>

    <node>
        <sprite>
            <position x="480" y="-320"/>
            <scriptLst>
                <script peg_off="Level1_PegOff"/>
            </scriptLst>
        </sprite>
    </node>

    <node>
        <sprite>
            <position x="640" y="-320"/>
            <scriptLst>
                <script peg_off="Level1_PegOff"/>
            </scriptLst>
        </sprite>
    </node>

    <node>
        <sprite>
            <position x="800" y="-320"/>
            <scriptLst>
                <script peg_off="Level1_PegOff"/>
            </scriptLst>
        </sprite>
    </node>


    <node>
        <sprite>
            <position x="-720" y="-160"/>
            <scriptLst>
                <script peg_off="Level1_PegOff"/>
            </scriptLst>
        </sprite>
    </node>

    <node>
        <sprite>
            <position x="-560" y="-160"/>
            <scriptLst>
                <script peg_off="Level1_PegOff"/>
            </scriptLst>
        </sprite>
    </node>

    <node>
        <sprite>
            <position x="-400" y="-160"/>
            <scriptLst>
                <script peg_off="Level1_PegOff"/>
            </scriptLst>
        </sprite>
    </node>

    <node>
        <sprite>
            <position x="-240" y="-160"/>
            <scriptLst>
                <script peg_off="Level1_PegOff"/>
            </scriptLst>
        </sprite>
    </node>

    <node>
        <sprite>
            <position x="-80" y="-160"/>
            <scriptLst>
                <script peg_off="Level1_PegOff"/>
            </scriptLst>
        </sprite>
    </node>

    <node>
        <sprite>
            <position x="80" y="-160"/>
            <scriptLst>
                <script peg_off="Level1_PegOff"/>
            </scriptLst>
        </sprite>
    </node>

    <node>
        <sprite>
            <position x="240" y="-160"/>
            <scriptLst>
                <script peg_off="Level1_PegOff"/>
            </scriptLst>
        </sprite>
    </node>

    <node>
        <sprite>
            <position x="400" y="-160"/>
            <scriptLst>
                <script peg_off="Level1_PegOff"/>
            </scriptLst>
        </sprite>
    </node>

    <node>
        <sprite>
            <position x="560" y="-160"/>
            <scriptLst>
                <script peg_off="Level1_PegOff"/>
            </scriptLst>
        </sprite>
    </node>

    <node>
        <sprite>
            <position x="720" y="-160"/>
            <scriptLst>
                <script peg_off="Level1_PegOff"/>
            </scriptLst>
        </sprite>
    </node>



    <node>
        <sprite>
            <position x="-800" y="0"/>
            <scriptLst>
                <script peg_off="Level1_PegOff"/>
            </scriptLst>
        </sprite>
    </node>

    <node>
        <sprite>
            <position x="-640" y="0"/>
            <scriptLst>
                <script peg_off="Level1_PegOff"/>
            </scriptLst>
        </sprite>
    </node>

    <node>
        <sprite>
            <position x="-480" y="0"/>
            <scriptLst>
                <script peg_off="Level1_PegOff"/>
            </scriptLst>
        </sprite>
    </node>

    <node>
        <sprite>
            <position x="-320" y="0"/>
            <scriptLst>
                <script peg_off="Level1_PegOff"/>
            </scriptLst>
        </sprite>
    </node>

    <node>
        <sprite>
            <position x="-160" y="0"/>
            <scriptLst>
                <script peg_off="Level1_PegOff"/>
            </scriptLst>
        </sprite>
    </node>

    <node>
        <sprite>
            <position x="0" y="0"/>
            <scriptLst>
                <script peg_off="Level1_PegOff"/>
            </scriptLst>
        </sprite>
    </node>

    <node>
        <sprite>
            <position x="160" y="0"/>
            <scriptLst>
                <script peg_off="Level1_PegOff"/>
            </scriptLst>
        </sprite>
    </node>

    <node>
        <sprite>
            <position x="320" y="0"/>
            <scriptLst>
                <script peg_off="Level1_PegOff"/>
            </scriptLst>
        </sprite>
    </node>

    <node>
        <sprite>
            <position x="480" y="0"/>
            <scriptLst>
                <script peg_off="Level1_PegOff"/>
            </scriptLst>
        </sprite>
    </node>

    <node>
        <sprite>
            <position x="640" y="0"/>
            <scriptLst>
                <script peg_off="Level1_PegOff"/>
            </scriptLst>
        </sprite>
    </node>

    <node>
        <sprite>
            <position x="800" y="0"/>
            <scriptLst>
                <script peg_off="Level1_PegOff"/>
            </scriptLst>
        </sprite>
    </node>



    <node>
        <sprite>
            <position x="-720" y="160"/>
            <scriptLst>
                <script peg_off="Level1_PegOff"/>
            </scriptLst>
        </sprite>
    </node>

    <node>
        <sprite>
            <position x="-560" y="160"/>
            <scriptLst>
                <script peg_off="Level1_PegOff"/>
            </scriptLst>
        </sprite>
    </node>

    <node>
        <sprite>
            <position x="-400" y="160"/>
            <scriptLst>
                <script peg_off="Level1_PegOff"/>
            </scriptLst>
        </sprite>
    </node>

    <node>
        <sprite>
            <position x="-240" y="160"/>
            <scriptLst>
                <script peg_off="Level1_PegOff"/>
            </scriptLst>
        </sprite>
    </node>

    <node>
        <sprite>
            <position x="-80" y="160"/>
            <scriptLst>
                <script peg_off="Level1_PegOff"/>
            </scriptLst>
        </sprite>
    </node>

    <node>
        <sprite>
            <position x="80" y="160"/>
            <scriptLst>
                <script peg_off="Level1_PegOff"/>
            </scriptLst>
        </sprite>
    </node>

    <node>
        <sprite>
            <position x="240" y="160"/>
            <scriptLst>
                <script peg_off="Level1_PegOff"/>
            </scriptLst>
        </sprite>
    </node>

    <node>
        <sprite>
            <position x="400" y="160"/>
            <scriptLst>
                <script peg_off="Level1_PegOff"/>
            </scriptLst>
        </sprite>
    </node>

    <node>
        <sprite>
            <position x="560" y="160"/>
            <scriptLst>
                <script peg_off="Level1_PegOff"/>
            </scriptLst>
        </sprite>
    </node>

    <node>
        <sprite>
            <position x="720" y="160"/>
            <scriptLst>
                <script peg_off="Level1_PegOff"/>
            </scriptLst>
        </sprite>
    </node>



    <node>
        <sprite>
            <position x="-800" y="320"/>
            <scriptLst>
                <script peg_off="Level1_PegOff"/>
            </scriptLst>
        </sprite>
    </node>

    <node>
        <sprite>
            <position x="-640" y="320"/>
            <scriptLst>
                <script peg_off="Level1_PegOff"/>
            </scriptLst>
        </sprite>
    </node>

    <node>
        <sprite>
            <position x="-480" y="320"/>
            <scriptLst>
                <script peg_off="Level1_PegOff"/>
            </scriptLst>
        </sprite>
    </node>

    <node>
        <sprite>
            <position x="-320" y="320"/>
            <scriptLst>
                <script peg_off="Level1_PegOff"/>
            </scriptLst>
        </sprite>
    </node>

    <node>
        <sprite>
            <position x="-160" y="320"/>
            <scriptLst>
                <script peg_off="Level1_PegOff"/>
            </scriptLst>
        </sprite>
    </node>

    <node>
        <sprite>
            <position x="0" y="320"/>
            <scriptLst>
                <script peg_off="Level1_PegOff"/>
            </scriptLst>
        </sprite>
    </node>

    <node>
        <sprite>
            <position x="160" y="320"/>
            <scriptLst>
                <script peg_off="Level1_PegOff"/>
            </scriptLst>
        </sprite>
    </node>

    <node>
        <sprite>
            <position x="320" y="320"/>
            <scriptLst>
                <script peg_off="Level1_PegOff"/>
            </scriptLst>
        </sprite>
    </node>

    <node>
        <sprite>
            <position x="480" y="320"/>
            <scriptLst>
                <script peg_off="Level1_PegOff"/>
            </scriptLst>
        </sprite>
    </node>

    <node>
        <sprite>
            <position x="640" y="320"/>
            <scriptLst>
                <script peg_off="Level1_PegOff"/>
            </scriptLst>
        </sprite>
    </node>

    <node>
        <sprite>
            <position x="800" y="320"/>
            <scriptLst>
                <script peg_off="Level1_PegOff"/>
            </scriptLst>
        </sprite>
    </node>

</sector>
