<nodeStrategy>

    <node id="multiListNode" type="spriteNodeMultiList" defaultGroup="(startup)">

        <sprite2d name="background" objectName="background">
            <position x="0" y="0" z="-10"/>
        </sprite2d>
            
        <node type="spriteNodeMultiList">
            
            <sprite2d name="logo" objectName="logo">
                <position x="-500" y="0" z="-10"/>
            </sprite2d>

            <node type="spriteNodeMultiList">
                
                <sprite2d name="waffles" objectName="waffles">
                    <position x="300" y="0" z="-10"/>
                </sprite2d>

                <node type="spriteNodeMultiList">
                    
                    <sprite2d name="logo" objectName="logo">
                        <position x="300" y="0" z="-10"/>
                    </sprite2d>
                    
                </node>
            </node>
        </node>
        
        <node type="spriteNodeMultiList">
            
            <sprite2d name="circle_green" objectName="circle_green">
                <position x="200" y="400" z="-10"/>
            </sprite2d>
            
            <node type="spriteNodeMultiList">
            
                <sprite2d name="triangle_blue" objectName="triangle_blue">
                    <position x="50" y="0" z="-10"/>
                </sprite2d>

            </node>
        </node>
        
        <node type="spriteNodeMultiList">
            
            <sprite2d name="square_red" objectName="square_red">
                <position x="-200" y="400" z="-10"/>
            </sprite2d>
            
            <node type="spriteNodeMultiList">
            
                <sprite2d name="triangle_blue" objectName="triangle_blue">
                    <position x="-50" y="0" z="-10"/>
                </sprite2d>

            </node>
            
        </node>
    </node>
    
    <node id="spriteNode" type="spriteNodeMultiList" defaultGroup="(startup)">

        <sprite2d name="background" objectName="background">
            <position x="0" y="0" z="-10"/>
        </sprite2d>
        
        <node type="spriteNodeMultiList">
            <sprite2d name="logo" objectName="logo">
                <position x="-300" y="0" z="-10"/>
            </sprite2d>
        </node>
        
        <node type="spriteNodeMultiList">
            <sprite2d name="waffles" objectName="waffles">
                <position x="300" y="0" z="-10"/>
            </sprite2d>
        </node>

    </node>

</nodeStrategy>
