<?xml version="1.0"?>
<listTable>
    
    <groupList groupName="(menu)">
      <file path="data/scripts/library/shared_utilities.as"/>
      <file path="data/scripts/library/shared_sprite_utilities.as"/>
      <file path="data/scripts/library/menu_defs.as"/>
      <file path="data/scripts/library/menu.as"/>
      <file path="data/scripts/library/smartgui.as"/>
    </groupList>

    <groupList groupName="(state)">
        <file path="data/scripts/library/state_defs.as"/>
        <file path="data/scripts/library/shared_utilities.as"/>
        <file path="data/scripts/library/shared_sprite_utilities.as"/>
        <file path="data/scripts/library/shared_visual_utilities.as"/>
        <file path="data/scripts/library/state.as"/>
    </groupList>
    
    <groupList groupName="(main)">
        <file path="data/scripts/library/menu_defs.as"/>
        <file path="data/scripts/library/state_defs.as"/>
        <file path="data/scripts/source/game/main.as"/>
        <file path="data/scripts/source/game/game.as"/>
        <file path="data/scripts/source/game/game_defs.as"/>
        <file path="data/scripts/source/state/igamestate.as"/>
        <file path="data/scripts/source/state/statemessage.as"/>
        <file path="data/scripts/source/state/commonstate.as"/>
        <file path="data/scripts/source/state/startupstate.as"/>
        <file path="data/scripts/source/state/titlescreenstate.as"/>
        <file path="data/scripts/source/state/loadstate.as"/>
        <file path="data/scripts/source/state/level1state.as"/>
    </groupList>
  
    <groupList groupName="(level_1)">
        <file path="data/scripts/library/level1.as"/>
    </groupList>

</listTable>
