<listTable>
    
    <groupList groupName="(menu)">
      <file path="data/scripts/library/shared_utilities.ang"/>
      <file path="data/scripts/library/shared_sprite_utilities.ang"/>
      <file path="data/scripts/library/menu_defs.ang"/>
      <file path="data/scripts/library/menu.ang"/>
      <file path="data/scripts/library/smartgui.ang"/>
    </groupList>

    <groupList groupName="(state)">
        <file path="data/scripts/library/state_defs.ang"/>
        <file path="data/scripts/library/shared_utilities.ang"/>
        <file path="data/scripts/library/shared_sprite_utilities.ang"/>
        <file path="data/scripts/library/shared_visual_utilities.ang"/>
        <file path="data/scripts/library/state.ang"/>
    </groupList>
    
    <groupList groupName="(main)">
        <file path="data/scripts/library/menu_defs.ang"/>
        <file path="data/scripts/library/state_defs.ang"/>
        <file path="data/scripts/source/game/main.ang"/>
        <file path="data/scripts/source/game/game.ang"/>
        <file path="data/scripts/source/game/game_defs.ang"/>
        <file path="data/scripts/source/state/igamestate.ang"/>
        <file path="data/scripts/source/state/statemessage.ang"/>
        <file path="data/scripts/source/state/commonstate.ang"/>
        <file path="data/scripts/source/state/startupstate.ang"/>
        <file path="data/scripts/source/state/titlescreenstate.ang"/>
    </groupList>
  
    <!--
  <groupList groupName="(main)">
    <file path="data/scripts/game/shared_defs.ang"/>
    <file path="data/scripts/game/main.ang"/>
    <file path="data/scripts/game/game.ang"/>
    <file path="data/scripts/game/shared_utilities.ang"/>
    <file path="data/scripts/state/statedefs.ang"/>
    <file path="data/scripts/state/statemessage.ang"/>
    <file path="data/scripts/state/igamestate.ang"/>
    <file path="data/scripts/state/startupstate.ang"/>
    <file path="data/scripts/state/titlescreenstate.ang"/>
  </groupList>
  
  <groupList groupName="(menu)">
    <file path="data/scripts/game/shared_defs.ang"/>
    <file path="data/scripts/game/shared_utilities.ang"/>
    <file path="data/scripts/menu/menu.ang"/>
    <file path="data/scripts/menu/smartgui.ang"/>
  </groupList>
  -->

</listTable>
