<?xml version="1.0"?>
<listTable>

    <groupList groupName="_startup_">
        <file path="data/objects/strategy/state/startup.strategy"/>
    </groupList>
    
    <groupList groupName="_title_background_">
        <file path="data/objects/strategy/state/titlescreenbackground.strategy"/>
    </groupList>

    <groupList groupName="_title_stage_">
        <file path="data/objects/strategy/state/titlescreenstage.strategy"/>
    </groupList>

    <groupList groupName="_title_text_">
        <file path="data/objects/strategy/state/titlescreentitle.strategy"/>
    </groupList>

    <groupList groupName="_load_">
        <file path="data/objects/strategy/state/loadscreen.strategy"/>
    </groupList>

    <groupList groupName="_stage_">
        <file path="data/objects/strategy/level_1/stage.strategy"/>
    </groupList>
    
    <groupList groupName="_level_1_">
        <file path="data/objects/strategy/level_1/actor.strategy"/>
    </groupList>
  
</listTable>
